// Jest Snapshot v1, https://goo.gl/fbAQLP

exports[`renders an episode 1`] = `
<View
  style={
    Object {
      "alignItems": "center",
      "backgroundColor": "white",
      "borderRadius": 8,
      "flexDirection": "row",
      "height": 40,
      "justifyContent": "space-between",
      "margin": 8,
      "paddingHorizontal": 16,
    }
  }
>
  <Text
    numberOfLines={1}
    style={
      Object {
        "color": "black",
        "flex": 1,
        "fontSize": 13,
      }
    }
  >
    pickle Rick
  </Text>
  <Text
    numberOfLines={1}
    style={
      Object {
        "color": "green",
        "fontSize": 14,
      }
    }
  >
    january 1st 2018
  </Text>
</View>
`;
