// Jest Snapshot v1, https://goo.gl/fbAQLP

exports[`renders a character header information 1`] = `
<View
  style={
    Object {
      "alignItems": "center",
      "backgroundColor": "white",
      "borderRadius": 16,
      "flexDirection": "row",
      "marginHorizontal": 8,
      "minHeight": 120,
      "paddingHorizontal": 16,
    }
  }
>
  <View
    style={
      Array [
        Object {
          "overflow": "hidden",
        },
        Object {
          "borderRadius": 45,
          "height": 90,
          "marginRight": 16,
          "resizeMode": "cover",
          "width": 90,
        },
      ]
    }
  >
    <FastImageView
      resizeMode="cover"
      source={
        Object {
          "uri": "https://rickandmortyapi.com/api/character/avatar/1.jpeg",
        }
      }
      style={
        Object {
          "bottom": 0,
          "left": 0,
          "position": "absolute",
          "right": 0,
          "top": 0,
        }
      }
    />
  </View>
  <View
    style={
      Object {
        "paddingVertical": 16,
      }
    }
  >
    <View
      style={
        Object {
          "flex": 1,
          "flexDirection": "row",
          "justifyContent": "space-between",
        }
      }
    >
      <Text
        style={
          Object {
            "color": "black",
            "fontSize": 16,
          }
        }
      >
        Name:
      </Text>
      <Text
        numberOfLines={1}
        style={
          Object {
            "color": "black",
            "fontSize": 16,
          }
        }
      >
        Rick Sanchez
      </Text>
    </View>
    <View
      style={
        Object {
          "flex": 1,
          "flexDirection": "row",
          "justifyContent": "space-between",
        }
      }
    >
      <Text
        style={
          Object {
            "color": "black",
            "fontSize": 16,
          }
        }
      >
        Species:
      </Text>
      <Text
        numberOfLines={1}
        style={
          Object {
            "color": "black",
            "fontSize": 16,
          }
        }
      >
        human
      </Text>
    </View>
    <View
      style={
        Object {
          "flex": 1,
          "flexDirection": "row",
          "justifyContent": "space-between",
        }
      }
    >
      <Text
        style={
          Object {
            "color": "black",
            "fontSize": 16,
          }
        }
      >
        Gender:
      </Text>
      <Text
        numberOfLines={1}
        style={
          Object {
            "color": "black",
            "fontSize": 16,
          }
        }
      >
        male
      </Text>
    </View>
  </View>
</View>
`;
