// Jest Snapshot v1, https://goo.gl/fbAQLP

exports[`renders a Back Header 1`] = `
<View
  style={
    Object {
      "alignItems": "center",
      "backgroundColor": "black",
      "flexDirection": "row",
      "height": 40,
      "paddingHorizontal": 16,
      "width": "100%",
    }
  }
>
  <View
    accessible={true}
    focusable={true}
    onBlur={[Function]}
    onClick={[Function]}
    onFocus={[Function]}
    onResponderGrant={[Function]}
    onResponderMove={[Function]}
    onResponderRelease={[Function]}
    onResponderTerminate={[Function]}
    onResponderTerminationRequest={[Function]}
    onStartShouldSetResponder={[Function]}
    style={
      Object {
        "alignItems": "center",
        "height": "100%",
        "justifyContent": "center",
      }
    }
    testID="back-button"
  >
    <svg
      data-file-name="SvgChevronLeft"
      height={25}
      width={25}
    />
  </View>
</View>
`;
