// Jest Snapshot v1, https://goo.gl/fbAQLP

exports[`renders a button that scrolls up 1`] = `
<View
  accessible={true}
  focusable={true}
  onBlur={[Function]}
  onClick={[Function]}
  onFocus={[Function]}
  onResponderGrant={[Function]}
  onResponderMove={[Function]}
  onResponderRelease={[Function]}
  onResponderTerminate={[Function]}
  onResponderTerminationRequest={[Function]}
  onStartShouldSetResponder={[Function]}
  style={
    Object {
      "alignItems": "center",
      "backgroundColor": "black",
      "borderRadius": 20,
      "bottom": 60,
      "height": 40,
      "justifyContent": "center",
      "position": "absolute",
      "right": 30,
      "width": 40,
    }
  }
  testID="scroll-button"
>
  <svg
    data-file-name="SvgChevronLeft"
    height={30}
    style={
      Object {
        "transform": Array [
          Object {
            "rotate": "90deg",
          },
        ],
      }
    }
    width={30}
  />
</View>
`;
